[dotenv@17.3.1] injecting env (5) from .env.local -- tip: ÔÜÖ´©Å  override existing env vars with { override: true }
Testing Auth Sheet ID: 1fZXI8DG6ye-jjO8OwdXA8tU9D0x1sUt1L2aW0SLs_SI
Testing Students Sheet ID: 1lwm0SsZB8roRUx07h5RvILIhweTONHwMQxXBitW_Dug
Client Email: authtable@lsa-app-487512.iam.gserviceaccount.com
node : ÔØî Auth Sheet 
failure: Requested entity 
was not found.
At line:1 char:1
+ node tmp/test-sheets.js 
> tmp/test-results.txt 
2>&1
+ ~~~~~~~~~~~~~~~~~~~~~~~~
~~~~~~~~~~~~~~~~~~~~~~~~~~
~
    + CategoryInfo        
      : NotSpecified: (Ô  
  Øî Auth Sheet ... was   
  not found.:String) [    
], RemoteException
    + FullyQualifiedError 
   Id : NativeCommandErr  
  or
 
ÔØî Students Sheet 
failure: Requested entity 
was not found.
