
> lsaapp@0.1.0 build C:\Users\peter\OneDrive\Desktop\UMUSA DIGITAL\LSA\lsaapp
> next build

Ôû▓ Next.js 16.1.6 (Turbopack)
- Environments: .env.local

  Creating an optimized production build ...
Ô£ô Compiled successfully in 43s
  Running TypeScript ...
node.exe : Failed to 
compile.
At C:\Users\peter\App
Data\Roaming\npm\pnpm
.ps1:24 char:5
+     & "node$exe"  "
$basedir/node_modules
/pnpm/bin/pnpm.cjs" 
$args
+     ~~~~~~~~~~~~~~~
~~~~~~~~~~~~~~~~~~~~~
~~~~~~~~~~~~~~~~~~~~~
~~~~
    + CategoryInfo   
           : NotSpe  
  cified: (Failed    
 to compile.:Stri    
ng) [], RemoteEx    
ception
    + FullyQualified 
   ErrorId : Native  
  CommandError
 

./components/ui/combo
box.tsx:4:47
Type error: Cannot 
find module 
'@base-ui/react' or 
its corresponding 
type declarations.

[0m [90m 2 |[39m
 [90m 3 |[39m 
[36mimport[39m 
[33m*[39m 
[36mas[39m 
[33mReact[39m 
[36mfrom[39m 
[32m"react"[39m
[31m[1m>[22m[39m
[90m 4 |[39m 
[36mimport[39m { 
[33mCombobox[39m 
[36mas[39m [33mCom
boboxPrimitive[39m 
} [36mfrom[39m [32
m"@base-ui/react"[39
m
 [90m   |[39m      
                     
                    
[31m[1m^[22m[39m
 [90m 5 |[39m
 [90m 6 |[39m 
[36mimport[39m { 
cn } [36mfrom[39m 
[32m"@/lib/utils"[39
m
 [90m 7 |[39m 
[36mimport[39m { 
[33mButton[39m } 
[36mfrom[39m [32m"
@/components/ui/butto
n"[39m[0m
Next.js build worker 
exited with code: 1 
and signal: null
ÔÇëELIFECYCLEÔÇë Command failed with exit code 1.
